2026-01-22 00:56:39,325 | INFO    | bot | Bot starting… WEBAPP_URL=https://cfaa0be4e823.ngrok-free.app BACKEND_URL=https://cfaa0be4e823.ngrok-free.app
2026-01-22 00:56:39,325 | INFO    | aiogram.dispatcher | Start polling
2026-01-22 00:56:39,747 | INFO    | aiogram.dispatcher | Run polling for bot @techreds_bot id=7320198123 - 'DB'
2026-01-22 00:56:44,919 | INFO    | __main__ | → cmd_start()
2026-01-22 00:56:44,920 | INFO    | bot | /start from tg_id=747937058 username=baks1d
2026-01-22 00:56:45,273 | ERROR   | bot | Failed to create backend session
Traceback (most recent call last):
  File "/Users/macintosh/Desktop/fixed_project_fixed_v3 3/.venv/lib/python3.10/site-packages/aiohttp/connector.py", line 1080, in _wrap_create_connection
    return await self._loop.create_connection(*args, **kwargs, sock=sock)
  File "/Library/Frameworks/Python.framework/Versions/3.10/lib/python3.10/asyncio/base_events.py", line 1103, in create_connection
    transport, protocol = await self._create_connection_transport(
  File "/Library/Frameworks/Python.framework/Versions/3.10/lib/python3.10/asyncio/base_events.py", line 1133, in _create_connection_transport
    await waiter
  File "/Library/Frameworks/Python.framework/Versions/3.10/lib/python3.10/asyncio/sslproto.py", line 534, in data_received
    ssldata, appdata = self._sslpipe.feed_ssldata(data)
  File "/Library/Frameworks/Python.framework/Versions/3.10/lib/python3.10/asyncio/sslproto.py", line 188, in feed_ssldata
    self._sslobj.do_handshake()
  File "/Library/Frameworks/Python.framework/Versions/3.10/lib/python3.10/ssl.py", line 975, in do_handshake
    self._sslobj.do_handshake()
ssl.SSLCertVerificationError: [SSL: CERTIFICATE_VERIFY_FAILED] certificate verify failed: unable to get local issuer certificate (_ssl.c:1007)

The above exception was the direct cause of the following exception:

Traceback (most recent call last):
  File "/Users/macintosh/Desktop/fixed_project_fixed_v3 3/bot/bot.py", line 65, in cmd_start
    data = await backend_start_session(user)
  File "/Users/macintosh/Desktop/fixed_project_fixed_v3 3/bot/bot.py", line 45, in backend_start_session
    async with session.post(
  File "/Users/macintosh/Desktop/fixed_project_fixed_v3 3/.venv/lib/python3.10/site-packages/aiohttp/client.py", line 1353, in __aenter__
    self._resp = await self._coro
  File "/Users/macintosh/Desktop/fixed_project_fixed_v3 3/.venv/lib/python3.10/site-packages/aiohttp/client.py", line 657, in _request
    conn = await self._connector.connect(
  File "/Users/macintosh/Desktop/fixed_project_fixed_v3 3/.venv/lib/python3.10/site-packages/aiohttp/connector.py", line 564, in connect
    proto = await self._create_connection(req, traces, timeout)
  File "/Users/macintosh/Desktop/fixed_project_fixed_v3 3/.venv/lib/python3.10/site-packages/aiohttp/connector.py", line 975, in _create_connection
    _, proto = await self._create_direct_connection(req, traces, timeout)
  File "/Users/macintosh/Desktop/fixed_project_fixed_v3 3/.venv/lib/python3.10/site-packages/aiohttp/connector.py", line 1350, in _create_direct_connection
    raise last_exc
  File "/Users/macintosh/Desktop/fixed_project_fixed_v3 3/.venv/lib/python3.10/site-packages/aiohttp/connector.py", line 1319, in _create_direct_connection
    transp, proto = await self._wrap_create_connection(
  File "/Users/macintosh/Desktop/fixed_project_fixed_v3 3/.venv/lib/python3.10/site-packages/aiohttp/connector.py", line 1082, in _wrap_create_connection
    raise ClientConnectorCertificateError(req.connection_key, exc) from exc
aiohttp.client_exceptions.ClientConnectorCertificateError: Cannot connect to host cfaa0be4e823.ngrok-free.app:443 ssl:True [SSLCertVerificationError: (1, '[SSL: CERTIFICATE_VERIFY_FAILED] certificate verify failed: unable to get local issuer certificate (_ssl.c:1007)')]
2026-01-22 00:56:45,633 | INFO    | __main__ | ← cmd_start() 714.6ms
2026-01-22 00:56:45,633 | INFO    | aiogram.event | Update id=211697837 is handled. Duration 715 ms by bot id=7320198123
2026-01-22 00:58:08,874 | WARNING | aiogram.dispatcher | Received SIGINT signal
2026-01-22 00:58:08,876 | INFO    | aiogram.dispatcher | Polling stopped for bot @techreds_bot id=7320198123 - 'DB'
2026-01-22 00:58:08,876 | INFO    | aiogram.dispatcher | Polling stopped
2026-01-22 00:58:13,348 | INFO    | bot | Bot starting… WEBAPP_URL=https://cfaa0be4e823.ngrok-free.app BACKEND_URL=https://cfaa0be4e823.ngrok-free.app
2026-01-22 00:58:13,349 | INFO    | aiogram.dispatcher | Start polling
2026-01-22 00:58:13,827 | INFO    | aiogram.dispatcher | Run polling for bot @techreds_bot id=7320198123 - 'DB'
2026-01-22 00:58:15,964 | INFO    | __main__ | → cmd_start()
2026-01-22 00:58:15,965 | INFO    | bot | /start from tg_id=747937058 username=baks1d
2026-01-22 00:58:16,887 | INFO    | __main__ | ← cmd_start() 923.0ms
2026-01-22 00:58:16,888 | INFO    | aiogram.event | Update id=211697838 is handled. Duration 924 ms by bot id=7320198123
2026-01-22 01:45:03,105 | WARNING | aiogram.dispatcher | Received SIGINT signal
2026-01-22 01:45:03,131 | INFO    | aiogram.dispatcher | Polling stopped for bot @techreds_bot id=7320198123 - 'DB'
2026-01-22 01:45:03,138 | INFO    | aiogram.dispatcher | Polling stopped
2026-01-22 02:09:27,065 | INFO    | bot | Bot starting… WEBAPP_URL=https://cfaa0be4e823.ngrok-free.app BACKEND_URL=https://cfaa0be4e823.ngrok-free.app
2026-01-22 02:09:27,067 | INFO    | aiogram.dispatcher | Start polling
2026-01-22 02:09:27,494 | INFO    | aiogram.dispatcher | Run polling for bot @techreds_bot id=7320198123 - 'DB'
2026-01-22 02:09:35,359 | INFO    | __main__ | → cmd_start()
2026-01-22 02:09:35,360 | INFO    | bot | /start from tg_id=747937058 username=baks1d
2026-01-22 02:09:36,230 | INFO    | __main__ | ← cmd_start() 871.1ms
2026-01-22 02:09:36,231 | INFO    | aiogram.event | Update id=211697839 is handled. Duration 872 ms by bot id=7320198123
2026-01-22 02:10:38,228 | ERROR   | aiogram.dispatcher | Failed to fetch updates - TelegramNetworkError: HTTP Client says - ServerDisconnectedError: Server disconnected
2026-01-22 02:10:38,230 | WARNING | aiogram.dispatcher | Sleep for 1.000000 seconds and try again... (tryings = 0, bot id = 7320198123)
2026-01-22 02:10:41,486 | ERROR   | aiogram.dispatcher | Failed to fetch updates - TelegramNetworkError: HTTP Client says - ClientConnectorError: Cannot connect to host api.telegram.org:443 ssl:default [None]
2026-01-22 02:10:41,486 | WARNING | aiogram.dispatcher | Sleep for 1.235521 seconds and try again... (tryings = 1, bot id = 7320198123)
2026-01-22 02:10:44,984 | ERROR   | aiogram.dispatcher | Failed to fetch updates - TelegramNetworkError: HTTP Client says - ClientConnectorError: Cannot connect to host api.telegram.org:443 ssl:default [None]
2026-01-22 02:10:44,985 | WARNING | aiogram.dispatcher | Sleep for 1.618529 seconds and try again... (tryings = 2, bot id = 7320198123)
2026-01-22 02:11:04,810 | ERROR   | aiogram.dispatcher | Failed to fetch updates - TelegramNetworkError: HTTP Client says - ClientConnectorError: Cannot connect to host api.telegram.org:443 ssl:default [None]
2026-01-22 02:11:04,811 | WARNING | aiogram.dispatcher | Sleep for 2.041054 seconds and try again... (tryings = 3, bot id = 7320198123)
2026-01-22 02:12:06,865 | ERROR   | aiogram.dispatcher | Failed to fetch updates - TelegramNetworkError: HTTP Client says - ClientConnectorError: Cannot connect to host api.telegram.org:443 ssl:default [None]
2026-01-22 02:12:06,868 | WARNING | aiogram.dispatcher | Sleep for 2.731575 seconds and try again... (tryings = 4, bot id = 7320198123)
2026-01-22 02:13:09,620 | ERROR   | aiogram.dispatcher | Failed to fetch updates - TelegramNetworkError: HTTP Client says - ClientConnectorError: Cannot connect to host api.telegram.org:443 ssl:default [None]
2026-01-22 02:13:09,625 | WARNING | aiogram.dispatcher | Sleep for 3.549515 seconds and try again... (tryings = 5, bot id = 7320198123)
2026-01-22 02:14:11,249 | ERROR   | aiogram.dispatcher | Failed to fetch updates - TelegramNetworkError: HTTP Client says - ClientConnectorError: Cannot connect to host api.telegram.org:443 ssl:default [None]
2026-01-22 02:14:11,250 | WARNING | aiogram.dispatcher | Sleep for 4.770410 seconds and try again... (tryings = 6, bot id = 7320198123)
2026-01-22 02:14:26,745 | INFO    | aiogram.dispatcher | Connection established (tryings = 7, bot id = 7320198123)
2026-01-22 02:15:14,711 | ERROR   | aiogram.dispatcher | Failed to fetch updates - TelegramNetworkError: HTTP Client says - ClientOSError: [Errno 65] No route to host
2026-01-22 02:15:14,712 | WARNING | aiogram.dispatcher | Sleep for 1.000000 seconds and try again... (tryings = 0, bot id = 7320198123)
2026-01-22 02:15:53,367 | WARNING | aiogram.dispatcher | Received SIGINT signal
2026-01-22 02:15:53,376 | INFO    | aiogram.dispatcher | Polling stopped for bot @techreds_bot id=7320198123 - 'DB'
2026-01-22 02:15:53,378 | INFO    | aiogram.dispatcher | Polling stopped
2026-01-22 02:47:56,516 | INFO    | bot | Bot starting… WEBAPP_URL=https://cfaa0be4e823.ngrok-free.app BACKEND_URL=https://cfaa0be4e823.ngrok-free.app
2026-01-22 02:47:56,518 | INFO    | aiogram.dispatcher | Start polling
2026-01-22 02:47:56,930 | INFO    | aiogram.dispatcher | Run polling for bot @techreds_bot id=7320198123 - 'DB'
2026-01-22 02:47:57,017 | INFO    | __main__ | → cmd_start()
2026-01-22 02:47:57,018 | INFO    | bot | /start from tg_id=747937058 username=baks1d
2026-01-22 02:47:57,442 | ERROR   | bot | Failed to create backend session
Traceback (most recent call last):
  File "/Users/macintosh/Desktop/fixed_project_fixed_v3 3/bot/bot.py", line 66, in cmd_start
    data = await backend_start_session(user)
  File "/Users/macintosh/Desktop/fixed_project_fixed_v3 3/bot/bot.py", line 52, in backend_start_session
    data = await resp.json(content_type=None)
  File "/Users/macintosh/Desktop/fixed_project_fixed_v3 3/.venv/lib/python3.10/site-packages/aiohttp/client_reqrep.py", line 1216, in json
    return loads(stripped.decode(encoding))
  File "/Library/Frameworks/Python.framework/Versions/3.10/lib/python3.10/json/__init__.py", line 346, in loads
    return _default_decoder.decode(s)
  File "/Library/Frameworks/Python.framework/Versions/3.10/lib/python3.10/json/decoder.py", line 337, in decode
    obj, end = self.raw_decode(s, idx=_w(s, 0).end())
  File "/Library/Frameworks/Python.framework/Versions/3.10/lib/python3.10/json/decoder.py", line 355, in raw_decode
    raise JSONDecodeError("Expecting value", s, err.value) from None
json.decoder.JSONDecodeError: Expecting value: line 1 column 1 (char 0)
2026-01-22 02:47:57,769 | INFO    | __main__ | ← cmd_start() 751.7ms
2026-01-22 02:47:57,773 | INFO    | aiogram.event | Update id=211697840 is handled. Duration 756 ms by bot id=7320198123
2026-01-22 02:48:50,387 | INFO    | __main__ | → cmd_start()
2026-01-22 02:48:50,389 | INFO    | bot | /start from tg_id=747937058 username=baks1d
2026-01-22 02:48:50,636 | ERROR   | bot | Failed to create backend session
Traceback (most recent call last):
  File "/Users/macintosh/Desktop/fixed_project_fixed_v3 3/bot/bot.py", line 66, in cmd_start
    data = await backend_start_session(user)
  File "/Users/macintosh/Desktop/fixed_project_fixed_v3 3/bot/bot.py", line 52, in backend_start_session
    data = await resp.json(content_type=None)
  File "/Users/macintosh/Desktop/fixed_project_fixed_v3 3/.venv/lib/python3.10/site-packages/aiohttp/client_reqrep.py", line 1216, in json
    return loads(stripped.decode(encoding))
  File "/Library/Frameworks/Python.framework/Versions/3.10/lib/python3.10/json/__init__.py", line 346, in loads
    return _default_decoder.decode(s)
  File "/Library/Frameworks/Python.framework/Versions/3.10/lib/python3.10/json/decoder.py", line 337, in decode
    obj, end = self.raw_decode(s, idx=_w(s, 0).end())
  File "/Library/Frameworks/Python.framework/Versions/3.10/lib/python3.10/json/decoder.py", line 355, in raw_decode
    raise JSONDecodeError("Expecting value", s, err.value) from None
json.decoder.JSONDecodeError: Expecting value: line 1 column 1 (char 0)
2026-01-22 02:48:50,879 | INFO    | __main__ | ← cmd_start() 492.0ms
2026-01-22 02:48:50,880 | INFO    | aiogram.event | Update id=211697841 is handled. Duration 494 ms by bot id=7320198123
2026-01-22 02:48:52,585 | INFO    | __main__ | → cmd_start()
2026-01-22 02:48:52,586 | INFO    | bot | /start from tg_id=747937058 username=baks1d
2026-01-22 02:48:52,821 | ERROR   | bot | Failed to create backend session
Traceback (most recent call last):
  File "/Users/macintosh/Desktop/fixed_project_fixed_v3 3/bot/bot.py", line 66, in cmd_start
    data = await backend_start_session(user)
  File "/Users/macintosh/Desktop/fixed_project_fixed_v3 3/bot/bot.py", line 52, in backend_start_session
    data = await resp.json(content_type=None)
  File "/Users/macintosh/Desktop/fixed_project_fixed_v3 3/.venv/lib/python3.10/site-packages/aiohttp/client_reqrep.py", line 1216, in json
    return loads(stripped.decode(encoding))
  File "/Library/Frameworks/Python.framework/Versions/3.10/lib/python3.10/json/__init__.py", line 346, in loads
    return _default_decoder.decode(s)
  File "/Library/Frameworks/Python.framework/Versions/3.10/lib/python3.10/json/decoder.py", line 337, in decode
    obj, end = self.raw_decode(s, idx=_w(s, 0).end())
  File "/Library/Frameworks/Python.framework/Versions/3.10/lib/python3.10/json/decoder.py", line 355, in raw_decode
    raise JSONDecodeError("Expecting value", s, err.value) from None
json.decoder.JSONDecodeError: Expecting value: line 1 column 1 (char 0)
2026-01-22 02:48:52,897 | INFO    | __main__ | ← cmd_start() 311.1ms
2026-01-22 02:48:52,897 | INFO    | aiogram.event | Update id=211697842 is handled. Duration 316 ms by bot id=7320198123
2026-01-22 02:49:01,249 | WARNING | aiogram.dispatcher | Received SIGINT signal
2026-01-22 02:49:01,250 | INFO    | aiogram.dispatcher | Polling stopped for bot @techreds_bot id=7320198123 - 'DB'
2026-01-22 02:49:01,251 | INFO    | aiogram.dispatcher | Polling stopped
2026-01-22 02:49:06,670 | INFO    | bot | Bot starting… WEBAPP_URL=https://cc94587c4d5b.ngrok-free.app BACKEND_URL=https://cc94587c4d5b.ngrok-free.app
2026-01-22 02:49:06,671 | INFO    | aiogram.dispatcher | Start polling
2026-01-22 02:49:06,914 | INFO    | aiogram.dispatcher | Run polling for bot @techreds_bot id=7320198123 - 'DB'
2026-01-22 02:49:07,006 | INFO    | __main__ | → cmd_start()
2026-01-22 02:49:07,007 | INFO    | bot | /start from tg_id=747937058 username=baks1d
2026-01-22 02:49:07,835 | INFO    | __main__ | ← cmd_start() 828.3ms
2026-01-22 02:49:07,835 | INFO    | aiogram.event | Update id=211697843 is handled. Duration 829 ms by bot id=7320198123
2026-01-22 02:51:57,504 | INFO    | __main__ | → cmd_start()
2026-01-22 02:51:57,507 | INFO    | bot | /start from tg_id=7349040206 username=None
2026-01-22 02:51:58,147 | INFO    | __main__ | ← cmd_start() 642.6ms
2026-01-22 02:51:58,147 | INFO    | aiogram.event | Update id=211697844 is handled. Duration 646 ms by bot id=7320198123
2026-01-22 02:53:01,128 | INFO    | __main__ | → cmd_start()
2026-01-22 02:53:01,130 | INFO    | bot | /start from tg_id=7349040206 username=None
2026-01-22 02:53:01,883 | INFO    | __main__ | ← cmd_start() 755.1ms
2026-01-22 02:53:01,884 | INFO    | aiogram.event | Update id=211697845 is handled. Duration 756 ms by bot id=7320198123
2026-01-22 02:58:00,296 | INFO    | __main__ | → cmd_start()
2026-01-22 02:58:00,299 | INFO    | bot | /start from tg_id=747937058 username=baks1d
2026-01-22 02:58:01,084 | INFO    | __main__ | ← cmd_start() 788.6ms
2026-01-22 02:58:01,085 | INFO    | aiogram.event | Update id=211697846 is handled. Duration 795 ms by bot id=7320198123
2026-01-22 02:58:27,821 | INFO    | aiogram.event | Update id=211697847 is not handled. Duration 3 ms by bot id=7320198123
2026-01-22 03:00:28,346 | INFO    | aiogram.event | Update id=211697848 is not handled. Duration 0 ms by bot id=7320198123
2026-01-22 03:02:25,715 | INFO    | aiogram.event | Update id=211697849 is not handled. Duration 1 ms by bot id=7320198123
2026-01-22 03:10:42,505 | INFO    | __main__ | → cmd_start()
2026-01-22 03:10:42,506 | INFO    | bot | /start from tg_id=747937058 username=baks1d
2026-01-22 03:10:43,281 | INFO    | __main__ | ← cmd_start() 776.4ms
2026-01-22 03:10:43,281 | INFO    | aiogram.event | Update id=211697850 is handled. Duration 779 ms by bot id=7320198123
2026-01-22 03:23:41,818 | INFO    | __main__ | → cmd_start()
2026-01-22 03:23:41,820 | INFO    | bot | /start from tg_id=747937058 username=baks1d
2026-01-22 03:23:42,508 | ERROR   | bot | Failed to create backend session
Traceback (most recent call last):
  File "/Users/macintosh/Desktop/fixed_project_fixed_v3 3/bot/bot.py", line 66, in cmd_start
    data = await backend_start_session(user)
  File "/Users/macintosh/Desktop/fixed_project_fixed_v3 3/bot/bot.py", line 52, in backend_start_session
    data = await resp.json(content_type=None)
  File "/Users/macintosh/Desktop/fixed_project_fixed_v3 3/.venv/lib/python3.10/site-packages/aiohttp/client_reqrep.py", line 1216, in json
    return loads(stripped.decode(encoding))
  File "/Library/Frameworks/Python.framework/Versions/3.10/lib/python3.10/json/__init__.py", line 346, in loads
    return _default_decoder.decode(s)
  File "/Library/Frameworks/Python.framework/Versions/3.10/lib/python3.10/json/decoder.py", line 337, in decode
    obj, end = self.raw_decode(s, idx=_w(s, 0).end())
  File "/Library/Frameworks/Python.framework/Versions/3.10/lib/python3.10/json/decoder.py", line 355, in raw_decode
    raise JSONDecodeError("Expecting value", s, err.value) from None
json.decoder.JSONDecodeError: Expecting value: line 1 column 1 (char 0)
2026-01-22 03:23:42,774 | INFO    | __main__ | ← cmd_start() 956.0ms
2026-01-22 03:23:42,774 | INFO    | aiogram.event | Update id=211697851 is handled. Duration 960 ms by bot id=7320198123
2026-01-22 03:24:56,072 | INFO    | __main__ | → cmd_start()
2026-01-22 03:24:56,073 | INFO    | bot | /start from tg_id=747937058 username=baks1d
2026-01-22 03:24:56,850 | INFO    | __main__ | ← cmd_start() 778.5ms
2026-01-22 03:24:56,851 | INFO    | aiogram.event | Update id=211697852 is handled. Duration 779 ms by bot id=7320198123
2026-01-22 03:33:16,224 | INFO    | __main__ | → cmd_start()
2026-01-22 03:33:16,227 | INFO    | bot | /start from tg_id=747937058 username=baks1d
2026-01-22 03:33:17,082 | INFO    | __main__ | ← cmd_start() 857.7ms
2026-01-22 03:33:17,082 | INFO    | aiogram.event | Update id=211697853 is handled. Duration 860 ms by bot id=7320198123
2026-01-22 03:34:58,956 | INFO    | aiogram.event | Update id=211697854 is not handled. Duration 0 ms by bot id=7320198123
2026-01-22 03:35:22,511 | INFO    | __main__ | → cmd_start()
2026-01-22 03:35:22,512 | INFO    | bot | /start from tg_id=7349040206 username=None
2026-01-22 03:35:23,258 | INFO    | __main__ | ← cmd_start() 746.4ms
2026-01-22 03:35:23,258 | INFO    | aiogram.event | Update id=211697855 is handled. Duration 747 ms by bot id=7320198123
2026-01-22 03:35:47,602 | INFO    | aiogram.event | Update id=211697856 is not handled. Duration 2 ms by bot id=7320198123
2026-01-22 04:37:56,519 | ERROR   | aiogram.dispatcher | Failed to fetch updates - TelegramNetworkError: HTTP Client says - Request timeout error
2026-01-22 04:37:56,525 | WARNING | aiogram.dispatcher | Sleep for 1.000000 seconds and try again... (tryings = 0, bot id = 7320198123)
2026-01-22 04:38:07,754 | INFO    | aiogram.dispatcher | Connection established (tryings = 1, bot id = 7320198123)
2026-01-22 05:38:00,266 | ERROR   | aiogram.dispatcher | Failed to fetch updates - TelegramNetworkError: HTTP Client says - ServerDisconnectedError: Server disconnected
2026-01-22 05:38:00,271 | WARNING | aiogram.dispatcher | Sleep for 1.000000 seconds and try again... (tryings = 0, bot id = 7320198123)
2026-01-22 05:38:11,524 | INFO    | aiogram.dispatcher | Connection established (tryings = 1, bot id = 7320198123)
2026-01-22 06:00:25,950 | ERROR   | aiogram.dispatcher | Failed to fetch updates - TelegramNetworkError: HTTP Client says - ServerDisconnectedError: Server disconnected
2026-01-22 06:00:25,954 | WARNING | aiogram.dispatcher | Sleep for 1.000000 seconds and try again... (tryings = 0, bot id = 7320198123)
2026-01-22 06:00:37,188 | INFO    | aiogram.dispatcher | Connection established (tryings = 1, bot id = 7320198123)
2026-01-22 06:39:01,384 | ERROR   | aiogram.dispatcher | Failed to fetch updates - TelegramNetworkError: HTTP Client says - ServerDisconnectedError: Server disconnected
2026-01-22 06:39:01,390 | WARNING | aiogram.dispatcher | Sleep for 1.000000 seconds and try again... (tryings = 0, bot id = 7320198123)
2026-01-22 06:39:12,627 | INFO    | aiogram.dispatcher | Connection established (tryings = 1, bot id = 7320198123)
2026-01-22 07:40:46,754 | ERROR   | aiogram.dispatcher | Failed to fetch updates - TelegramNetworkError: HTTP Client says - Request timeout error
2026-01-22 07:40:46,759 | WARNING | aiogram.dispatcher | Sleep for 1.000000 seconds and try again... (tryings = 0, bot id = 7320198123)
2026-01-22 07:40:58,004 | INFO    | aiogram.dispatcher | Connection established (tryings = 1, bot id = 7320198123)
2026-01-22 08:41:49,469 | ERROR   | aiogram.dispatcher | Failed to fetch updates - TelegramNetworkError: HTTP Client says - Request timeout error
2026-01-22 08:41:49,475 | WARNING | aiogram.dispatcher | Sleep for 1.000000 seconds and try again... (tryings = 0, bot id = 7320198123)
2026-01-22 08:42:00,812 | INFO    | aiogram.dispatcher | Connection established (tryings = 1, bot id = 7320198123)
2026-01-22 18:25:25,972 | ERROR   | aiogram.dispatcher | Failed to fetch updates - TelegramNetworkError: HTTP Client says - Request timeout error
2026-01-22 18:25:25,976 | WARNING | aiogram.dispatcher | Sleep for 1.000000 seconds and try again... (tryings = 0, bot id = 7320198123)
2026-01-22 18:25:28,993 | ERROR   | aiogram.dispatcher | Failed to fetch updates - TelegramNetworkError: HTTP Client says - ClientConnectorError: Cannot connect to host api.telegram.org:443 ssl:default [None]
2026-01-22 18:25:28,994 | WARNING | aiogram.dispatcher | Sleep for 1.406977 seconds and try again... (tryings = 1, bot id = 7320198123)
2026-01-22 18:25:32,411 | ERROR   | aiogram.dispatcher | Failed to fetch updates - TelegramNetworkError: HTTP Client says - ClientConnectorError: Cannot connect to host api.telegram.org:443 ssl:default [None]
2026-01-22 18:25:32,412 | WARNING | aiogram.dispatcher | Sleep for 1.876654 seconds and try again... (tryings = 2, bot id = 7320198123)
2026-01-22 18:25:36,310 | ERROR   | aiogram.dispatcher | Failed to fetch updates - TelegramNetworkError: HTTP Client says - ClientConnectorError: Cannot connect to host api.telegram.org:443 ssl:default [None]
2026-01-22 18:25:36,310 | WARNING | aiogram.dispatcher | Sleep for 2.493641 seconds and try again... (tryings = 3, bot id = 7320198123)
2026-01-22 18:25:40,824 | ERROR   | aiogram.dispatcher | Failed to fetch updates - TelegramNetworkError: HTTP Client says - ClientConnectorError: Cannot connect to host api.telegram.org:443 ssl:default [None]
2026-01-22 18:25:40,824 | WARNING | aiogram.dispatcher | Sleep for 3.312499 seconds and try again... (tryings = 4, bot id = 7320198123)
2026-01-22 18:25:46,149 | ERROR   | aiogram.dispatcher | Failed to fetch updates - TelegramNetworkError: HTTP Client says - ClientConnectorError: Cannot connect to host api.telegram.org:443 ssl:default [None]
2026-01-22 18:25:46,149 | WARNING | aiogram.dispatcher | Sleep for 4.043454 seconds and try again... (tryings = 5, bot id = 7320198123)
2026-01-22 18:25:52,206 | ERROR   | aiogram.dispatcher | Failed to fetch updates - TelegramNetworkError: HTTP Client says - ClientConnectorError: Cannot connect to host api.telegram.org:443 ssl:default [None]
2026-01-22 18:25:52,206 | WARNING | aiogram.dispatcher | Sleep for 5.109819 seconds and try again... (tryings = 6, bot id = 7320198123)
2026-01-22 18:25:59,328 | ERROR   | aiogram.dispatcher | Failed to fetch updates - TelegramNetworkError: HTTP Client says - ClientConnectorError: Cannot connect to host api.telegram.org:443 ssl:default [None]
2026-01-22 18:25:59,329 | WARNING | aiogram.dispatcher | Sleep for 5.202706 seconds and try again... (tryings = 7, bot id = 7320198123)
2026-01-22 18:26:06,551 | ERROR   | aiogram.dispatcher | Failed to fetch updates - TelegramNetworkError: HTTP Client says - ClientConnectorError: Cannot connect to host api.telegram.org:443 ssl:default [None]
2026-01-22 18:26:06,552 | WARNING | aiogram.dispatcher | Sleep for 4.916152 seconds and try again... (tryings = 8, bot id = 7320198123)
2026-01-22 18:26:13,484 | ERROR   | aiogram.dispatcher | Failed to fetch updates - TelegramNetworkError: HTTP Client says - ClientConnectorError: Cannot connect to host api.telegram.org:443 ssl:default [None]
2026-01-22 18:26:13,485 | WARNING | aiogram.dispatcher | Sleep for 4.876157 seconds and try again... (tryings = 9, bot id = 7320198123)
2026-01-22 18:26:20,375 | ERROR   | aiogram.dispatcher | Failed to fetch updates - TelegramNetworkError: HTTP Client says - ClientConnectorError: Cannot connect to host api.telegram.org:443 ssl:default [None]
2026-01-22 18:26:20,375 | WARNING | aiogram.dispatcher | Sleep for 5.064482 seconds and try again... (tryings = 10, bot id = 7320198123)
2026-01-22 18:26:27,454 | ERROR   | aiogram.dispatcher | Failed to fetch updates - TelegramNetworkError: HTTP Client says - ClientConnectorError: Cannot connect to host api.telegram.org:443 ssl:default [None]
2026-01-22 18:26:27,455 | WARNING | aiogram.dispatcher | Sleep for 4.891803 seconds and try again... (tryings = 11, bot id = 7320198123)
2026-01-22 18:26:34,361 | ERROR   | aiogram.dispatcher | Failed to fetch updates - TelegramNetworkError: HTTP Client says - ClientConnectorError: Cannot connect to host api.telegram.org:443 ssl:default [None]
2026-01-22 18:26:34,362 | WARNING | aiogram.dispatcher | Sleep for 5.024122 seconds and try again... (tryings = 12, bot id = 7320198123)
2026-01-22 18:26:41,401 | ERROR   | aiogram.dispatcher | Failed to fetch updates - TelegramNetworkError: HTTP Client says - ClientConnectorError: Cannot connect to host api.telegram.org:443 ssl:default [None]
2026-01-22 18:26:41,402 | WARNING | aiogram.dispatcher | Sleep for 5.116605 seconds and try again... (tryings = 13, bot id = 7320198123)
2026-01-22 18:26:48,576 | ERROR   | aiogram.dispatcher | Failed to fetch updates - TelegramNetworkError: HTTP Client says - ClientConnectorError: Cannot connect to host api.telegram.org:443 ssl:default [None]
2026-01-22 18:26:48,577 | WARNING | aiogram.dispatcher | Sleep for 4.968031 seconds and try again... (tryings = 14, bot id = 7320198123)
2026-01-22 18:26:55,634 | ERROR   | aiogram.dispatcher | Failed to fetch updates - TelegramNetworkError: HTTP Client says - ClientConnectorError: Cannot connect to host api.telegram.org:443 ssl:default [None]
2026-01-22 18:26:55,634 | WARNING | aiogram.dispatcher | Sleep for 4.870846 seconds and try again... (tryings = 15, bot id = 7320198123)
2026-01-22 18:27:02,520 | ERROR   | aiogram.dispatcher | Failed to fetch updates - TelegramNetworkError: HTTP Client says - ClientConnectorError: Cannot connect to host api.telegram.org:443 ssl:default [None]
2026-01-22 18:27:02,521 | WARNING | aiogram.dispatcher | Sleep for 4.866205 seconds and try again... (tryings = 16, bot id = 7320198123)
2026-01-22 18:27:09,400 | ERROR   | aiogram.dispatcher | Failed to fetch updates - TelegramNetworkError: HTTP Client says - ClientConnectorError: Cannot connect to host api.telegram.org:443 ssl:default [None]
2026-01-22 18:27:09,400 | WARNING | aiogram.dispatcher | Sleep for 5.007583 seconds and try again... (tryings = 17, bot id = 7320198123)
2026-01-22 18:27:16,421 | ERROR   | aiogram.dispatcher | Failed to fetch updates - TelegramNetworkError: HTTP Client says - ClientConnectorError: Cannot connect to host api.telegram.org:443 ssl:default [None]
2026-01-22 18:27:16,422 | WARNING | aiogram.dispatcher | Sleep for 5.009392 seconds and try again... (tryings = 18, bot id = 7320198123)
2026-01-22 18:27:23,442 | ERROR   | aiogram.dispatcher | Failed to fetch updates - TelegramNetworkError: HTTP Client says - ClientConnectorError: Cannot connect to host api.telegram.org:443 ssl:default [None]
2026-01-22 18:27:23,443 | WARNING | aiogram.dispatcher | Sleep for 5.006315 seconds and try again... (tryings = 19, bot id = 7320198123)
2026-01-22 18:27:58,458 | ERROR   | aiogram.dispatcher | Failed to fetch updates - TelegramNetworkError: HTTP Client says - ClientConnectorError: Cannot connect to host api.telegram.org:443 ssl:default [nodename nor servname provided, or not known]
2026-01-22 18:27:58,460 | WARNING | aiogram.dispatcher | Sleep for 4.969974 seconds and try again... (tryings = 20, bot id = 7320198123)
2026-01-22 18:28:33,436 | ERROR   | aiogram.dispatcher | Failed to fetch updates - TelegramNetworkError: HTTP Client says - ClientConnectorError: Cannot connect to host api.telegram.org:443 ssl:default [nodename nor servname provided, or not known]
2026-01-22 18:28:33,437 | WARNING | aiogram.dispatcher | Sleep for 5.053630 seconds and try again... (tryings = 21, bot id = 7320198123)
2026-01-22 18:29:08,496 | ERROR   | aiogram.dispatcher | Failed to fetch updates - TelegramNetworkError: HTTP Client says - ClientConnectorError: Cannot connect to host api.telegram.org:443 ssl:default [nodename nor servname provided, or not known]
2026-01-22 18:29:08,497 | WARNING | aiogram.dispatcher | Sleep for 5.046833 seconds and try again... (tryings = 22, bot id = 7320198123)
2026-01-22 18:29:43,910 | INFO    | aiogram.dispatcher | Connection established (tryings = 23, bot id = 7320198123)
2026-01-22 18:43:33,083 | WARNING | aiogram.dispatcher | Received SIGINT signal
2026-01-22 18:43:33,099 | INFO    | aiogram.dispatcher | Polling stopped for bot @techreds_bot id=7320198123 - 'DB'
2026-01-22 18:43:33,108 | INFO    | aiogram.dispatcher | Polling stopped
2026-01-22 18:47:21,210 | INFO    | bot | Bot starting… WEBAPP_URL=https://cc94587c4d5b.ngrok-free.app BACKEND_URL=https://cc94587c4d5b.ngrok-free.app
2026-01-22 18:47:21,211 | INFO    | aiogram.dispatcher | Start polling
2026-01-22 18:47:22,918 | INFO    | aiogram.dispatcher | Run polling for bot @techreds_bot id=7320198123 - 'DB'
2026-01-22 18:47:23,034 | INFO    | __main__ | → cmd_start()
2026-01-22 18:47:23,034 | INFO    | bot | /start from tg_id=747937058 username=baks1d
2026-01-22 18:47:23,598 | ERROR   | bot | Failed to create backend session
Traceback (most recent call last):
  File "/Users/macintosh/Desktop/fixed_project_fixed_v3 3/bot/bot.py", line 94, in cmd_start
    data = await backend_start_session(user)
  File "/Users/macintosh/Desktop/fixed_project_fixed_v3 3/bot/bot.py", line 53, in backend_start_session
    data = await resp.json(content_type=None)
  File "/Users/macintosh/Desktop/fixed_project_fixed_v3 3/.venv/lib/python3.10/site-packages/aiohttp/client_reqrep.py", line 1216, in json
    return loads(stripped.decode(encoding))
  File "/Library/Frameworks/Python.framework/Versions/3.10/lib/python3.10/json/__init__.py", line 346, in loads
    return _default_decoder.decode(s)
  File "/Library/Frameworks/Python.framework/Versions/3.10/lib/python3.10/json/decoder.py", line 337, in decode
    obj, end = self.raw_decode(s, idx=_w(s, 0).end())
  File "/Library/Frameworks/Python.framework/Versions/3.10/lib/python3.10/json/decoder.py", line 355, in raw_decode
    raise JSONDecodeError("Expecting value", s, err.value) from None
json.decoder.JSONDecodeError: Expecting value: line 1 column 1 (char 0)
2026-01-22 18:47:23,947 | INFO    | __main__ | ← cmd_start() 913.3ms
2026-01-22 18:47:23,948 | INFO    | aiogram.event | Update id=211697857 is handled. Duration 913 ms by bot id=7320198123
2026-01-22 18:47:26,396 | INFO    | __main__ | → cmd_start()
2026-01-22 18:47:26,398 | INFO    | bot | /start from tg_id=747937058 username=baks1d
2026-01-22 18:47:26,739 | ERROR   | bot | Failed to create backend session
Traceback (most recent call last):
  File "/Users/macintosh/Desktop/fixed_project_fixed_v3 3/bot/bot.py", line 94, in cmd_start
    data = await backend_start_session(user)
  File "/Users/macintosh/Desktop/fixed_project_fixed_v3 3/bot/bot.py", line 53, in backend_start_session
    data = await resp.json(content_type=None)
  File "/Users/macintosh/Desktop/fixed_project_fixed_v3 3/.venv/lib/python3.10/site-packages/aiohttp/client_reqrep.py", line 1216, in json
    return loads(stripped.decode(encoding))
  File "/Library/Frameworks/Python.framework/Versions/3.10/lib/python3.10/json/__init__.py", line 346, in loads
    return _default_decoder.decode(s)
  File "/Library/Frameworks/Python.framework/Versions/3.10/lib/python3.10/json/decoder.py", line 337, in decode
    obj, end = self.raw_decode(s, idx=_w(s, 0).end())
  File "/Library/Frameworks/Python.framework/Versions/3.10/lib/python3.10/json/decoder.py", line 355, in raw_decode
    raise JSONDecodeError("Expecting value", s, err.value) from None
json.decoder.JSONDecodeError: Expecting value: line 1 column 1 (char 0)
2026-01-22 18:47:26,843 | INFO    | __main__ | ← cmd_start() 447.7ms
2026-01-22 18:47:26,844 | INFO    | aiogram.event | Update id=211697858 is handled. Duration 453 ms by bot id=7320198123
2026-01-22 18:48:04,976 | WARNING | aiogram.dispatcher | Received SIGINT signal
2026-01-22 18:48:04,977 | INFO    | aiogram.dispatcher | Polling stopped for bot @techreds_bot id=7320198123 - 'DB'
2026-01-22 18:48:04,978 | INFO    | aiogram.dispatcher | Polling stopped
2026-01-22 18:48:09,775 | INFO    | bot | Bot starting… WEBAPP_URL=https://cc94587c4d5b.ngrok-free.app BACKEND_URL=https://cc94587c4d5b.ngrok-free.app
2026-01-22 18:48:09,775 | INFO    | aiogram.dispatcher | Start polling
2026-01-22 18:48:10,259 | INFO    | aiogram.dispatcher | Run polling for bot @techreds_bot id=7320198123 - 'DB'
2026-01-22 18:48:17,159 | INFO    | __main__ | → cmd_start()
2026-01-22 18:48:17,159 | INFO    | bot | /start from tg_id=747937058 username=baks1d
2026-01-22 18:48:17,674 | ERROR   | bot | Failed to create backend session
Traceback (most recent call last):
  File "/Users/macintosh/Desktop/fixed_project_fixed_v3 3/bot/bot.py", line 94, in cmd_start
    data = await backend_start_session(user)
  File "/Users/macintosh/Desktop/fixed_project_fixed_v3 3/bot/bot.py", line 53, in backend_start_session
    data = await resp.json(content_type=None)
  File "/Users/macintosh/Desktop/fixed_project_fixed_v3 3/.venv/lib/python3.10/site-packages/aiohttp/client_reqrep.py", line 1216, in json
    return loads(stripped.decode(encoding))
  File "/Library/Frameworks/Python.framework/Versions/3.10/lib/python3.10/json/__init__.py", line 346, in loads
    return _default_decoder.decode(s)
  File "/Library/Frameworks/Python.framework/Versions/3.10/lib/python3.10/json/decoder.py", line 337, in decode
    obj, end = self.raw_decode(s, idx=_w(s, 0).end())
  File "/Library/Frameworks/Python.framework/Versions/3.10/lib/python3.10/json/decoder.py", line 355, in raw_decode
    raise JSONDecodeError("Expecting value", s, err.value) from None
json.decoder.JSONDecodeError: Expecting value: line 1 column 1 (char 0)
2026-01-22 18:48:18,009 | INFO    | __main__ | ← cmd_start() 849.6ms
2026-01-22 18:48:18,009 | INFO    | aiogram.event | Update id=211697859 is handled. Duration 851 ms by bot id=7320198123
2026-01-22 19:03:14,173 | WARNING | aiogram.dispatcher | Received SIGINT signal
2026-01-22 19:03:14,206 | INFO    | aiogram.dispatcher | Polling stopped for bot @techreds_bot id=7320198123 - 'DB'
2026-01-22 19:03:14,208 | INFO    | aiogram.dispatcher | Polling stopped
2026-01-22 19:03:19,331 | INFO    | bot | Bot starting… WEBAPP_URL=https://cc94587c4d5b.ngrok-free.app BACKEND_URL=https://cc94587c4d5b.ngrok-free.app
2026-01-22 19:03:19,332 | INFO    | aiogram.dispatcher | Start polling
2026-01-22 19:03:19,868 | INFO    | aiogram.dispatcher | Run polling for bot @techreds_bot id=7320198123 - 'DB'
2026-01-22 19:03:24,208 | INFO    | __main__ | → cmd_start()
2026-01-22 19:03:24,208 | INFO    | bot | /start from tg_id=747937058 username=baks1d
2026-01-22 19:03:24,803 | INFO    | bot | backend_start_session: status=404 body=<!DOCTYPE html>
<html class="h-full" lang="en-US" dir="ltr">
  <head>
    <meta charset="utf-8">
    <meta name="viewport" content="width=device-width, initial-scale=1">
    <link rel="preload" href="https://assets.ngrok.com/fonts/euclid-square/EuclidSquare-Regular-WebS.woff" as="font" type="font/woff" crossorigin="anonymous" />
    <link rel="preload" href="https://assets.ngrok.com/fonts/euclid-square/EuclidSquare-RegularItalic-WebS.woff" as="font" type="font/woff" crossorigin="anonymous" />
    <link rel="preload" href="https://assets.ngrok.com/fonts/euclid-square/EuclidSquare-Medium-WebS.woff" as="font" type="font/woff" crossorigin="anonymous" />
    <link rel="preload" href="https://assets.ngrok.com/fonts/euclid-square/EuclidSquare-MediumItalic-WebS.woff" as="font" type="font/woff" crossorigin="anonymous" />
    <link rel="preload" href="https://assets.ngrok.com/fonts/ibm-plex-mono/IBMPlexMono-Text.woff" as="font" type="font/woff" crossorigin="anonymous" />
    <link rel="preload" 
2026-01-22 19:03:24,804 | ERROR   | bot | Failed to create backend session
Traceback (most recent call last):
  File "/Users/macintosh/Desktop/fixed_project_fixed_v3 3/bot/bot.py", line 59, in backend_start_session
    data = json.loads(body_text) if body_text else {}
  File "/Library/Frameworks/Python.framework/Versions/3.10/lib/python3.10/json/__init__.py", line 346, in loads
    return _default_decoder.decode(s)
  File "/Library/Frameworks/Python.framework/Versions/3.10/lib/python3.10/json/decoder.py", line 337, in decode
    obj, end = self.raw_decode(s, idx=_w(s, 0).end())
  File "/Library/Frameworks/Python.framework/Versions/3.10/lib/python3.10/json/decoder.py", line 355, in raw_decode
    raise JSONDecodeError("Expecting value", s, err.value) from None
json.decoder.JSONDecodeError: Expecting value: line 1 column 1 (char 0)

During handling of the above exception, another exception occurred:

Traceback (most recent call last):
  File "/Users/macintosh/Desktop/fixed_project_fixed_v3 3/bot/bot.py", line 123, in cmd_start
    data = await backend_start_session(user)
  File "/Users/macintosh/Desktop/fixed_project_fixed_v3 3/bot/bot.py", line 61, in backend_start_session
    raise RuntimeError(f"Backend returned non-JSON response: status={resp.status}, body={body_text[:300]}")
RuntimeError: Backend returned non-JSON response: status=404, body=<!DOCTYPE html>
<html class="h-full" lang="en-US" dir="ltr">
  <head>
    <meta charset="utf-8">
    <meta name="viewport" content="width=device-width, initial-scale=1">
    <link rel="preload" href="https://assets.ngrok.com/fonts/euclid-square/EuclidSquare-Regular-WebS.woff" as="font" type="font/wo
2026-01-22 19:03:25,139 | INFO    | __main__ | ← cmd_start() 931.5ms
2026-01-22 19:03:25,140 | INFO    | aiogram.event | Update id=211697860 is handled. Duration 932 ms by bot id=7320198123
2026-01-22 19:06:42,438 | WARNING | aiogram.dispatcher | Received SIGINT signal
2026-01-22 19:06:42,445 | INFO    | aiogram.dispatcher | Polling stopped for bot @techreds_bot id=7320198123 - 'DB'
2026-01-22 19:06:42,446 | INFO    | aiogram.dispatcher | Polling stopped
2026-01-22 19:06:48,683 | INFO    | bot | Bot starting… WEBAPP_URL=https://f2afec2c613c.ngrok-free.app BACKEND_URL=https://f2afec2c613c.ngrok-free.app
2026-01-22 19:06:48,684 | INFO    | aiogram.dispatcher | Start polling
2026-01-22 19:06:49,179 | INFO    | aiogram.dispatcher | Run polling for bot @techreds_bot id=7320198123 - 'DB'
2026-01-22 19:06:49,273 | INFO    | __main__ | → cmd_start()
2026-01-22 19:06:49,273 | INFO    | bot | /start from tg_id=747937058 username=baks1d
2026-01-22 19:06:50,058 | INFO    | bot | backend_start_session: status=200 body={"access_token":"eyJhbGciOiJIUzI1NiIsInR5cCI6IkpXVCJ9.eyJmcmVzaCI6ZmFsc2UsImlhdCI6MTc2OTA5ODAwOSwianRpIjoiNmY4NGU4ZmEtOTBlNi00NDA3LWEwN2YtZGU4YWMwOTNkMmI0IiwidHlwZSI6ImFjY2VzcyIsInN1YiI6IjEiLCJuYmYiOjE3NjkwOTgwMDksImNzcmYiOiJiYmYzOTA2YS03OTQwLTQxZDYtOTMxNy0zZTBmMjYzMzc3YmEiLCJleHAiOjE3NjkxMDE2MDl9.0-T0gIMuByZaw3U9oTj9bgLPQkmWCyv7fDcQ2Tp3BFU","default_group_id":1,"ok":true}

2026-01-22 19:06:50,991 | INFO    | __main__ | ← cmd_start() 1717.6ms
2026-01-22 19:06:50,991 | INFO    | aiogram.event | Update id=211697861 is handled. Duration 1718 ms by bot id=7320198123
2026-01-22 19:11:44,158 | INFO    | __main__ | → cmd_start()
2026-01-22 19:11:44,160 | INFO    | bot | /start from tg_id=7349040206 username=inquiry_io
2026-01-22 19:11:44,632 | INFO    | bot | backend_start_session: status=200 body={"access_token":"eyJhbGciOiJIUzI1NiIsInR5cCI6IkpXVCJ9.eyJmcmVzaCI6ZmFsc2UsImlhdCI6MTc2OTA5ODMwNCwianRpIjoiNTRhNmUyZjQtNWI3MS00MGM5LWI1NDctZDQyNDA1MjdiYzczIiwidHlwZSI6ImFjY2VzcyIsInN1YiI6IjIiLCJuYmYiOjE3NjkwOTgzMDQsImNzcmYiOiJiYjBjNmI2ZC1lNWFlLTQ2OGQtYmJjMC0xMzg4MDExZjk3NDEiLCJleHAiOjE3NjkxMDE5MDR9.CnnAJJ8D1QCg3s4glgW4d9hF_HIYnOUHy9MH8GcTj3U","default_group_id":3,"ok":true}

2026-01-22 19:11:45,489 | INFO    | __main__ | ← cmd_start() 1332.3ms
2026-01-22 19:11:45,490 | INFO    | aiogram.event | Update id=211697862 is handled. Duration 1334 ms by bot id=7320198123
2026-01-22 19:11:49,910 | INFO    | aiogram.event | Update id=211697863 is handled. Duration 631 ms by bot id=7320198123
2026-01-22 19:13:22,835 | INFO    | __main__ | → cmd_start()
2026-01-22 19:13:22,836 | INFO    | bot | /start from tg_id=747937058 username=baks1d
2026-01-22 19:13:23,447 | INFO    | bot | backend_start_session: status=200 body={"access_token":"eyJhbGciOiJIUzI1NiIsInR5cCI6IkpXVCJ9.eyJmcmVzaCI6ZmFsc2UsImlhdCI6MTc2OTA5ODQwMywianRpIjoiYjNmYzM2MWQtMTdiZC00YmM5LTljZTAtZDMyZjQ3ZmI5ZWQzIiwidHlwZSI6ImFjY2VzcyIsInN1YiI6IjEiLCJuYmYiOjE3NjkwOTg0MDMsImNzcmYiOiIwOGE0ZTBiNS1jMDlkLTRmZTUtOTM4OS0xZGRlMWJiM2QwZWEiLCJleHAiOjE3NjkxMDIwMDN9.FwWcGQSLSMWIUzoQENf45SPdnpFV18PeL5s6SK5pcok","default_group_id":1,"ok":true}

2026-01-22 19:13:24,174 | INFO    | __main__ | ← cmd_start() 1338.9ms
2026-01-22 19:13:24,175 | INFO    | aiogram.event | Update id=211697864 is handled. Duration 1339 ms by bot id=7320198123
2026-01-22 19:23:43,439 | WARNING | aiogram.dispatcher | Received SIGINT signal
2026-01-22 19:23:43,451 | INFO    | aiogram.dispatcher | Polling stopped for bot @techreds_bot id=7320198123 - 'DB'
2026-01-22 19:23:43,452 | INFO    | aiogram.dispatcher | Polling stopped
2026-01-22 19:46:15,857 | INFO    | bot | Bot starting… WEBAPP_URL=https://f2afec2c613c.ngrok-free.app BACKEND_URL=https://f2afec2c613c.ngrok-free.app
2026-01-22 19:46:15,858 | INFO    | aiogram.dispatcher | Start polling
2026-01-22 19:46:18,780 | INFO    | aiogram.dispatcher | Run polling for bot @techreds_bot id=7320198123 - 'DB'
2026-01-22 19:46:18,934 | INFO    | __main__ | → cmd_id()
2026-01-22 19:46:18,943 | INFO    | __main__ | → cmd_start()
2026-01-22 19:46:18,944 | INFO    | bot | /start from tg_id=747937058 username=baks1d
2026-01-22 19:46:19,407 | INFO    | __main__ | ← cmd_id() 473.1ms
2026-01-22 19:46:19,408 | INFO    | aiogram.event | Update id=211697865 is handled. Duration 474 ms by bot id=7320198123
2026-01-22 19:46:19,668 | INFO    | bot | backend_start_session: status=200 body={"access_token":"eyJhbGciOiJIUzI1NiIsInR5cCI6IkpXVCJ9.eyJmcmVzaCI6ZmFsc2UsImlhdCI6MTc2OTEwMDM3OSwianRpIjoiZWU3OTQ4NzYtMzNlZi00NzZjLWEzZWEtMmY3OTQ5ODA1ZGI1IiwidHlwZSI6ImFjY2VzcyIsInN1YiI6IjEiLCJuYmYiOjE3NjkxMDAzNzksImNzcmYiOiJlMzU4MDE4NS1jM2EyLTQ2ZjYtYWZlNy1hY2FmNjQ1ODA5MGYiLCJleHAiOjE3NjkxMDM5Nzl9.7wZyx-84XIjGs9GBf7ZuyvWp4FhEXFcYuDBNH0gAW6w","default_group_id":1,"ok":true}

2026-01-22 19:46:20,204 | INFO    | __main__ | ← cmd_start() 1261.2ms
2026-01-22 19:46:20,205 | INFO    | aiogram.event | Update id=211697866 is handled. Duration 1261 ms by bot id=7320198123
2026-01-22 19:46:38,041 | WARNING | aiogram.dispatcher | Received SIGINT signal
2026-01-22 19:46:38,043 | INFO    | aiogram.dispatcher | Polling stopped for bot @techreds_bot id=7320198123 - 'DB'
2026-01-22 19:46:38,044 | INFO    | aiogram.dispatcher | Polling stopped
2026-01-22 20:13:46,023 | INFO    | bot | Bot starting… WEBAPP_URL=https://f2afec2c613c.ngrok-free.app BACKEND_URL=https://f2afec2c613c.ngrok-free.app
2026-01-22 20:13:46,023 | INFO    | aiogram.dispatcher | Start polling
2026-01-22 20:13:47,020 | INFO    | aiogram.dispatcher | Run polling for bot @techreds_bot id=7320198123 - 'DB'
2026-01-22 20:13:50,484 | INFO    | __main__ | → cmd_start()
2026-01-22 20:13:50,484 | INFO    | bot | /start from tg_id=747937058 username=baks1d
2026-01-22 20:13:51,221 | INFO    | bot | backend_start_session: status=200 body={"access_token":"eyJhbGciOiJIUzI1NiIsInR5cCI6IkpXVCJ9.eyJmcmVzaCI6ZmFsc2UsImlhdCI6MTc2OTEwMjAzMSwianRpIjoiYTk2ZDdjOTktNWU5YS00YzI2LThlMWQtYTQ3YWVhMTNjZmZjIiwidHlwZSI6ImFjY2VzcyIsInN1YiI6IjEiLCJuYmYiOjE3NjkxMDIwMzEsImNzcmYiOiI2MThlOWExMi1jOTAyLTQzMDAtYjk3ZC1iMWQ3NDgyNWQxZDQiLCJleHAiOjE3NjkxMDU2MzF9.C80u6GdpKtHA0JXzT9-8RihovzNrTK2NZt-DWAKUBN8","default_group_id":1,"ok":true}

2026-01-22 20:13:55,824 | INFO    | __main__ | ← cmd_start() 5338.9ms
2026-01-22 20:13:55,825 | INFO    | aiogram.event | Update id=211697872 is handled. Duration 5339 ms by bot id=7320198123
2026-01-22 20:15:13,374 | INFO    | __main__ | → cmd_start()
2026-01-22 20:15:13,378 | INFO    | bot | /start from tg_id=7349040206 username=inquiry_io
2026-01-22 20:15:13,965 | INFO    | bot | backend_start_session: status=200 body={"access_token":"eyJhbGciOiJIUzI1NiIsInR5cCI6IkpXVCJ9.eyJmcmVzaCI6ZmFsc2UsImlhdCI6MTc2OTEwMjExMywianRpIjoiOTUwY2M3ZmUtMzgxMy00ZmFhLWJkNTItYTU0MzJkYmNkYWU0IiwidHlwZSI6ImFjY2VzcyIsInN1YiI6IjIiLCJuYmYiOjE3NjkxMDIxMTMsImNzcmYiOiIzZjA1ODBkYy1lMWQ0LTQwNzYtYjk2MS01MDZkZjk4MTUyZTQiLCJleHAiOjE3NjkxMDU3MTN9.HQ8UtgXVviaHeLIgq22aYGcOCvs2qw81tbWc7RFTiQQ","default_group_id":3,"ok":true}

2026-01-22 20:15:14,761 | INFO    | __main__ | ← cmd_start() 1386.7ms
2026-01-22 20:15:14,761 | INFO    | aiogram.event | Update id=211697873 is handled. Duration 1391 ms by bot id=7320198123
2026-01-22 20:15:19,071 | INFO    | aiogram.event | Update id=211697874 is handled. Duration 836 ms by bot id=7320198123
2026-01-22 20:27:53,073 | WARNING | aiogram.dispatcher | Received SIGINT signal
2026-01-22 20:27:53,085 | INFO    | aiogram.dispatcher | Polling stopped for bot @techreds_bot id=7320198123 - 'DB'
2026-01-22 20:27:53,089 | INFO    | aiogram.dispatcher | Polling stopped
2026-01-25 13:09:07,368 | INFO    | bot | Bot starting… WEBAPP_URL=https://f2ffbe905345.ngrok-free.app BACKEND_URL=https://f2ffbe905345.ngrok-free.app
2026-01-25 13:09:07,369 | INFO    | aiogram.dispatcher | Start polling
2026-01-25 13:09:08,209 | INFO    | aiogram.dispatcher | Run polling for bot @techreds_bot id=7320198123 - 'DB'
2026-01-25 13:09:10,915 | INFO    | __main__ | → cmd_start()
2026-01-25 13:09:10,915 | INFO    | bot | /start from tg_id=747937058 username=baks1d
2026-01-25 13:09:11,521 | INFO    | bot | backend_start_session: status=200 body={"access_token":"eyJhbGciOiJIUzI1NiIsInR5cCI6IkpXVCJ9.eyJmcmVzaCI6ZmFsc2UsImlhdCI6MTc2OTMzNTc1MSwianRpIjoiZmRiZDFhYWEtOGZmNC00M2IyLTk1M2ItZDQwNTI3ZWExODhjIiwidHlwZSI6ImFjY2VzcyIsInN1YiI6IjEiLCJuYmYiOjE3NjkzMzU3NTEsImNzcmYiOiI2ZjUxZDViYy1iMWYxLTQwYTAtODBhMC02YzRhZDU4ODIzYTQiLCJleHAiOjE3NjkzMzkzNTF9.QqP53AEvxk70GfosCDMoSVOhG-wga-DzzFw_RfM98OI","default_group_id":1,"ok":true}

2026-01-25 13:09:12,596 | INFO    | __main__ | ← cmd_start() 1681.2ms
2026-01-25 13:09:12,597 | INFO    | aiogram.event | Update id=211697878 is handled. Duration 1681 ms by bot id=7320198123
2026-01-25 13:10:53,784 | INFO    | __main__ | → cmd_start()
2026-01-25 13:10:53,787 | INFO    | bot | /start from tg_id=747937058 username=baks1d
2026-01-25 13:10:54,410 | INFO    | bot | backend_start_session: status=200 body={"access_token":"eyJhbGciOiJIUzI1NiIsInR5cCI6IkpXVCJ9.eyJmcmVzaCI6ZmFsc2UsImlhdCI6MTc2OTMzNTg1NCwianRpIjoiNGI0Y2IzM2YtYjM2ZC00OTYyLTg3YmUtMzUxYjhkMTI4MTg3IiwidHlwZSI6ImFjY2VzcyIsInN1YiI6IjEiLCJuYmYiOjE3NjkzMzU4NTQsImNzcmYiOiJmYzliYjc5NC1iNzY5LTQ5OTgtYTA4Yy1mNWE3ODQ0ODFlZWMiLCJleHAiOjE3NjkzMzk0NTR9.OhQ0Dri090paW4nZm4hPfV--zoVdnhRUSOLhCh6LdVc","default_group_id":1,"ok":true}

2026-01-25 13:10:55,246 | INFO    | __main__ | ← cmd_start() 1462.4ms
2026-01-25 13:10:55,247 | INFO    | aiogram.event | Update id=211697879 is handled. Duration 1466 ms by bot id=7320198123
2026-01-25 13:23:32,571 | INFO    | __main__ | → cmd_start()
2026-01-25 13:23:32,578 | INFO    | bot | /start from tg_id=747937058 username=baks1d
2026-01-25 13:23:33,136 | INFO    | bot | backend_start_session: status=200 body={"access_token":"eyJhbGciOiJIUzI1NiIsInR5cCI6IkpXVCJ9.eyJmcmVzaCI6ZmFsc2UsImlhdCI6MTc2OTMzNjYxMywianRpIjoiMjNkM2FhMmItNTA2OS00NGExLWFiNzYtZTc3NTM2MWVhNzg1IiwidHlwZSI6ImFjY2VzcyIsInN1YiI6IjEiLCJuYmYiOjE3NjkzMzY2MTMsImNzcmYiOiIxNWYyZTM2Ni1kN2VhLTQ0ZWMtODFmYy00MjVlZDBkYjY3MDAiLCJleHAiOjE3NjkzNDAyMTN9._yplxiUCPPaGYUnNLGy4m411GTh5MaQon38u8fPgK9g","default_group_id":1,"ok":true}

2026-01-25 13:23:34,206 | INFO    | __main__ | ← cmd_start() 1635.1ms
2026-01-25 13:23:34,206 | INFO    | aiogram.event | Update id=211697880 is handled. Duration 1639 ms by bot id=7320198123
2026-01-25 13:50:34,160 | INFO    | bot | Bot starting… WEBAPP_URL=https://f2ffbe905345.ngrok-free.app BACKEND_URL=https://f2ffbe905345.ngrok-free.app
2026-01-25 13:50:34,161 | INFO    | aiogram.dispatcher | Start polling
2026-01-25 13:50:34,926 | INFO    | aiogram.dispatcher | Run polling for bot @techreds_bot id=7320198123 - 'DB'
2026-01-25 13:50:39,510 | INFO    | __main__ | → cmd_start()
2026-01-25 13:50:39,512 | INFO    | bot | /start from tg_id=747937058 username=baks1d
2026-01-25 13:50:48,860 | INFO    | bot | backend_start_session: status=200 body={"access_token":"eyJhbGciOiJIUzI1NiIsInR5cCI6IkpXVCJ9.eyJmcmVzaCI6ZmFsc2UsImlhdCI6MTc2OTMzODI0OCwianRpIjoiZDZjZTcxNjUtYzc2OC00ZDBhLWJkYjctZjkwNzZlNDU1YTY5IiwidHlwZSI6ImFjY2VzcyIsInN1YiI6IjEiLCJuYmYiOjE3NjkzMzgyNDgsImNzcmYiOiJlYjk2OWEzOC0wODA1LTRhM2UtYjYwMy1mOTBlMzA3NWNiMGYiLCJleHAiOjE3NjkzNDE4NDh9.BE1T_07A65dEyDy_22jTNi26tL8xCzlW8YcJfeLya8E","default_group_id":1,"ok":true}

2026-01-25 13:50:58,963 | ERROR   | bot | Failed to create backend session
Traceback (most recent call last):
  File "/Users/macintosh/Documents/GitHub/organization/bot/bot.py", line 126, in cmd_start
    invites = await backend_get_pending_invites(user)
  File "/Users/macintosh/Documents/GitHub/organization/bot/bot.py", line 73, in backend_get_pending_invites
    async with session.post(
  File "/Users/macintosh/Documents/GitHub/organization/.venv/lib/python3.10/site-packages/aiohttp/client.py", line 1353, in __aenter__
    self._resp = await self._coro
  File "/Users/macintosh/Documents/GitHub/organization/.venv/lib/python3.10/site-packages/aiohttp/client.py", line 684, in _request
    await resp.start(conn)
  File "/Users/macintosh/Documents/GitHub/organization/.venv/lib/python3.10/site-packages/aiohttp/client_reqrep.py", line 994, in start
    with self._timer:
  File "/Users/macintosh/Documents/GitHub/organization/.venv/lib/python3.10/site-packages/aiohttp/helpers.py", line 713, in __exit__
    raise asyncio.TimeoutError from None
asyncio.exceptions.TimeoutError
2026-01-25 13:50:59,457 | INFO    | __main__ | ← cmd_start() 19947.4ms
2026-01-25 13:50:59,458 | INFO    | aiogram.event | Update id=211697884 is handled. Duration 19950 ms by bot id=7320198123
2026-01-25 13:51:40,480 | INFO    | __main__ | → cmd_start()
2026-01-25 13:51:40,482 | INFO    | bot | /start from tg_id=747937058 username=baks1d
2026-01-25 13:51:46,200 | INFO    | bot | backend_start_session: status=200 body={"access_token":"eyJhbGciOiJIUzI1NiIsInR5cCI6IkpXVCJ9.eyJmcmVzaCI6ZmFsc2UsImlhdCI6MTc2OTMzODMwNiwianRpIjoiYTYyNGMxM2UtNDRmMS00MGVhLThiMGUtMGNmNDdlOTZkODk1IiwidHlwZSI6ImFjY2VzcyIsInN1YiI6IjEiLCJuYmYiOjE3NjkzMzgzMDYsImNzcmYiOiI2MTQ2OTZlYy1kM2YzLTRiN2UtYTg1Ny1mZDg0NGE3ZGY1MGEiLCJleHAiOjE3NjkzNDE5MDZ9.jlkz2-1l_171PaNrYLIy_pRoKUoF_LZ4_TYWO3VEKlo","default_group_id":1,"ok":true}

2026-01-25 13:51:50,212 | INFO    | __main__ | ← cmd_start() 9732.4ms
2026-01-25 13:51:50,212 | INFO    | aiogram.event | Update id=211697885 is handled. Duration 9733 ms by bot id=7320198123
2026-01-25 13:52:38,811 | WARNING | aiogram.dispatcher | Received SIGINT signal
2026-01-25 13:52:38,813 | INFO    | aiogram.dispatcher | Polling stopped for bot @techreds_bot id=7320198123 - 'DB'
2026-01-25 13:52:38,813 | INFO    | aiogram.dispatcher | Polling stopped
2026-01-25 13:53:19,606 | INFO    | bot | Bot starting… WEBAPP_URL=https://b7ec195f2629.ngrok-free.app BACKEND_URL=https://b7ec195f2629.ngrok-free.app
2026-01-25 13:53:19,607 | INFO    | aiogram.dispatcher | Start polling
2026-01-25 13:53:20,564 | INFO    | aiogram.dispatcher | Run polling for bot @techreds_bot id=7320198123 - 'DB'
2026-01-25 13:53:23,991 | INFO    | __main__ | → cmd_start()
2026-01-25 13:53:23,992 | INFO    | bot | /start from tg_id=747937058 username=baks1d
2026-01-25 13:53:34,790 | INFO    | bot | backend_start_session: status=200 body={"access_token":"eyJhbGciOiJIUzI1NiIsInR5cCI6IkpXVCJ9.eyJmcmVzaCI6ZmFsc2UsImlhdCI6MTc2OTMzODQxNCwianRpIjoiNjU1NzNiYWMtY2FmOC00ODRjLWFlZTAtMDlmZGI4YTFiOGRjIiwidHlwZSI6ImFjY2VzcyIsInN1YiI6IjEiLCJuYmYiOjE3NjkzMzg0MTQsImNzcmYiOiJkMTU2NmZlZS1lZjcxLTQzMTUtODdkOC0zMjVhNzNjNzU1MzAiLCJleHAiOjE3NjkzNDIwMTR9.4KSGUC06nj2Q8ZkqxjcpxaF06AaSTBa5FfYi1DLkbtY","default_group_id":1,"ok":true}

2026-01-25 13:53:44,964 | ERROR   | bot | Failed to create backend session
Traceback (most recent call last):
  File "/Users/macintosh/Documents/GitHub/organization/bot/bot.py", line 126, in cmd_start
    invites = await backend_get_pending_invites(user)
  File "/Users/macintosh/Documents/GitHub/organization/bot/bot.py", line 73, in backend_get_pending_invites
    async with session.post(
  File "/Users/macintosh/Documents/GitHub/organization/.venv/lib/python3.10/site-packages/aiohttp/client.py", line 1353, in __aenter__
    self._resp = await self._coro
  File "/Users/macintosh/Documents/GitHub/organization/.venv/lib/python3.10/site-packages/aiohttp/client.py", line 684, in _request
    await resp.start(conn)
  File "/Users/macintosh/Documents/GitHub/organization/.venv/lib/python3.10/site-packages/aiohttp/client_reqrep.py", line 994, in start
    with self._timer:
  File "/Users/macintosh/Documents/GitHub/organization/.venv/lib/python3.10/site-packages/aiohttp/helpers.py", line 713, in __exit__
    raise asyncio.TimeoutError from None
asyncio.exceptions.TimeoutError
2026-01-25 13:53:45,289 | INFO    | __main__ | ← cmd_start() 21297.1ms
2026-01-25 13:53:45,290 | INFO    | aiogram.event | Update id=211697886 is handled. Duration 21298 ms by bot id=7320198123
2026-01-25 13:53:45,461 | INFO    | __main__ | → cmd_start()
2026-01-25 13:53:45,462 | INFO    | bot | /start from tg_id=747937058 username=baks1d
2026-01-25 13:53:59,226 | INFO    | bot | backend_start_session: status=200 body={"access_token":"eyJhbGciOiJIUzI1NiIsInR5cCI6IkpXVCJ9.eyJmcmVzaCI6ZmFsc2UsImlhdCI6MTc2OTMzODQzOSwianRpIjoiYzY2ZmUwOGYtYjM5OC00NTU3LWEyZmUtYzk4MDAxMGVjYzM3IiwidHlwZSI6ImFjY2VzcyIsInN1YiI6IjEiLCJuYmYiOjE3NjkzMzg0MzksImNzcmYiOiIzZjI4OWVhMC01NmE0LTRlYWQtOWRlZS1kM2EyYWE2MmVhMDciLCJleHAiOjE3NjkzNDIwMzl9.qHYO0J2P8wLpqRz96xke_a81PYVzBLSYiRT3-btju-c","default_group_id":1,"ok":true}

2026-01-25 13:54:11,071 | INFO    | __main__ | ← cmd_start() 25610.0ms
2026-01-25 13:54:11,073 | INFO    | aiogram.event | Update id=211697887 is handled. Duration 25612 ms by bot id=7320198123
2026-01-25 13:56:11,767 | ERROR   | aiogram.dispatcher | Failed to fetch updates - TelegramNetworkError: HTTP Client says - ServerDisconnectedError: Server disconnected
2026-01-25 13:56:11,771 | WARNING | aiogram.dispatcher | Sleep for 1.000000 seconds and try again... (tryings = 0, bot id = 7320198123)
2026-01-25 13:56:12,777 | ERROR   | aiogram.dispatcher | Failed to fetch updates - TelegramNetworkError: HTTP Client says - ClientConnectorError: Cannot connect to host api.telegram.org:443 ssl:default [Network is unreachable]
2026-01-25 13:56:12,777 | WARNING | aiogram.dispatcher | Sleep for 1.325511 seconds and try again... (tryings = 1, bot id = 7320198123)
2026-01-25 13:56:14,105 | ERROR   | aiogram.dispatcher | Failed to fetch updates - TelegramNetworkError: HTTP Client says - ClientConnectorError: Cannot connect to host api.telegram.org:443 ssl:default [Network is unreachable]
2026-01-25 13:56:14,106 | WARNING | aiogram.dispatcher | Sleep for 1.645283 seconds and try again... (tryings = 2, bot id = 7320198123)
2026-01-25 13:56:15,752 | ERROR   | aiogram.dispatcher | Failed to fetch updates - TelegramNetworkError: HTTP Client says - ClientConnectorError: Cannot connect to host api.telegram.org:443 ssl:default [Network is unreachable]
2026-01-25 13:56:15,752 | WARNING | aiogram.dispatcher | Sleep for 1.948060 seconds and try again... (tryings = 3, bot id = 7320198123)
2026-01-25 13:56:20,995 | INFO    | aiogram.dispatcher | Connection established (tryings = 4, bot id = 7320198123)
2026-01-25 13:56:20,999 | INFO    | __main__ | → cmd_start()
2026-01-25 13:56:21,000 | INFO    | bot | /start from tg_id=747937058 username=baks1d
2026-01-25 13:56:22,148 | INFO    | bot | backend_start_session: status=404 body=<!DOCTYPE html>
<html class="h-full" lang="en-US" dir="ltr">
  <head>
    <meta charset="utf-8">
    <meta name="viewport" content="width=device-width, initial-scale=1">
    <link rel="preload" href="https://assets.ngrok.com/fonts/euclid-square/EuclidSquare-Regular-WebS.woff" as="font" type="font/woff" crossorigin="anonymous" />
    <link rel="preload" href="https://assets.ngrok.com/fonts/euclid-square/EuclidSquare-RegularItalic-WebS.woff" as="font" type="font/woff" crossorigin="anonymous" />
    <link rel="preload" href="https://assets.ngrok.com/fonts/euclid-square/EuclidSquare-Medium-WebS.woff" as="font" type="font/woff" crossorigin="anonymous" />
    <link rel="preload" href="https://assets.ngrok.com/fonts/euclid-square/EuclidSquare-MediumItalic-WebS.woff" as="font" type="font/woff" crossorigin="anonymous" />
    <link rel="preload" href="https://assets.ngrok.com/fonts/ibm-plex-mono/IBMPlexMono-Text.woff" as="font" type="font/woff" crossorigin="anonymous" />
    <link rel="preload" 
2026-01-25 13:56:22,149 | ERROR   | bot | Failed to create backend session
Traceback (most recent call last):
  File "/Users/macintosh/Documents/GitHub/organization/bot/bot.py", line 59, in backend_start_session
    data = json.loads(body_text) if body_text else {}
  File "/Library/Frameworks/Python.framework/Versions/3.10/lib/python3.10/json/__init__.py", line 346, in loads
    return _default_decoder.decode(s)
  File "/Library/Frameworks/Python.framework/Versions/3.10/lib/python3.10/json/decoder.py", line 337, in decode
    obj, end = self.raw_decode(s, idx=_w(s, 0).end())
  File "/Library/Frameworks/Python.framework/Versions/3.10/lib/python3.10/json/decoder.py", line 355, in raw_decode
    raise JSONDecodeError("Expecting value", s, err.value) from None
json.decoder.JSONDecodeError: Expecting value: line 1 column 1 (char 0)

During handling of the above exception, another exception occurred:

Traceback (most recent call last):
  File "/Users/macintosh/Documents/GitHub/organization/bot/bot.py", line 123, in cmd_start
    data = await backend_start_session(user)
  File "/Users/macintosh/Documents/GitHub/organization/bot/bot.py", line 61, in backend_start_session
    raise RuntimeError(f"Backend returned non-JSON response: status={resp.status}, body={body_text[:300]}")
RuntimeError: Backend returned non-JSON response: status=404, body=<!DOCTYPE html>
<html class="h-full" lang="en-US" dir="ltr">
  <head>
    <meta charset="utf-8">
    <meta name="viewport" content="width=device-width, initial-scale=1">
    <link rel="preload" href="https://assets.ngrok.com/fonts/euclid-square/EuclidSquare-Regular-WebS.woff" as="font" type="font/wo
2026-01-25 13:56:22,497 | INFO    | __main__ | ← cmd_start() 1497.6ms
2026-01-25 13:56:22,497 | INFO    | aiogram.event | Update id=211697888 is handled. Duration 1500 ms by bot id=7320198123
2026-01-25 13:56:52,231 | WARNING | aiogram.dispatcher | Received SIGINT signal
2026-01-25 13:56:52,232 | INFO    | aiogram.dispatcher | Polling stopped for bot @techreds_bot id=7320198123 - 'DB'
2026-01-25 13:56:52,233 | INFO    | aiogram.dispatcher | Polling stopped
2026-01-25 13:56:57,661 | INFO    | bot | Bot starting… WEBAPP_URL=https://bc1a9aeadcf4.ngrok-free.app BACKEND_URL=https://bc1a9aeadcf4.ngrok-free.app
2026-01-25 13:56:57,662 | INFO    | aiogram.dispatcher | Start polling
2026-01-25 13:56:58,237 | INFO    | aiogram.dispatcher | Run polling for bot @techreds_bot id=7320198123 - 'DB'
2026-01-25 13:56:58,333 | INFO    | __main__ | → cmd_start()
2026-01-25 13:56:58,333 | INFO    | bot | /start from tg_id=747937058 username=baks1d
2026-01-25 13:56:58,334 | INFO    | __main__ | → cmd_start()
2026-01-25 13:56:58,334 | INFO    | bot | /start from tg_id=747937058 username=baks1d
2026-01-25 13:57:07,013 | INFO    | bot | backend_start_session: status=200 body={"access_token":"eyJhbGciOiJIUzI1NiIsInR5cCI6IkpXVCJ9.eyJmcmVzaCI6ZmFsc2UsImlhdCI6MTc2OTMzODYyNiwianRpIjoiYTJmYWNlNDgtMmExYy00YmQ1LThlN2ItYTFlM2ZhMjUwMWJmIiwidHlwZSI6ImFjY2VzcyIsInN1YiI6IjEiLCJuYmYiOjE3NjkzMzg2MjYsImNzcmYiOiIzOTVkMDY4Yi05OTg4LTQ3NjItYTRhMC1hMGVhNWJmYzYxMTUiLCJleHAiOjE3NjkzNDIyMjZ9.PvUc9GUK6gkYilMxxHhmLXiFB7OrIdY8snHHbi5I_5A","default_group_id":1,"ok":true}

2026-01-25 13:57:07,033 | INFO    | bot | backend_start_session: status=200 body={"access_token":"eyJhbGciOiJIUzI1NiIsInR5cCI6IkpXVCJ9.eyJmcmVzaCI6ZmFsc2UsImlhdCI6MTc2OTMzODYyNiwianRpIjoiYjhhZDQ3ZTAtYzkzYS00N2M0LWFkOGUtMjU5NjI3NzEwYjgxIiwidHlwZSI6ImFjY2VzcyIsInN1YiI6IjEiLCJuYmYiOjE3NjkzMzg2MjYsImNzcmYiOiJhZWFiMWQ1My01ODdhLTQwMjUtOGFiMi1lMmFkM2I5MGIzMzIiLCJleHAiOjE3NjkzNDIyMjZ9.VwakLu1TcevvXB1YnqU69AKsbdH34Ja814gdc5wMNzg","default_group_id":1,"ok":true}

2026-01-25 13:57:07,813 | INFO    | __main__ | → cmd_start()
2026-01-25 13:57:07,813 | INFO    | bot | /start from tg_id=747937058 username=baks1d
2026-01-25 13:57:15,334 | INFO    | __main__ | ← cmd_start() 17003.0ms
2026-01-25 13:57:15,335 | INFO    | aiogram.event | Update id=211697888 is handled. Duration 17003 ms by bot id=7320198123
2026-01-25 13:57:15,336 | INFO    | __main__ | ← cmd_start() 17003.6ms
2026-01-25 13:57:15,336 | INFO    | aiogram.event | Update id=211697889 is handled. Duration 17004 ms by bot id=7320198123
2026-01-25 13:57:15,385 | INFO    | bot | backend_start_session: status=200 body={"access_token":"eyJhbGciOiJIUzI1NiIsInR5cCI6IkpXVCJ9.eyJmcmVzaCI6ZmFsc2UsImlhdCI6MTc2OTMzODYzNSwianRpIjoiMGM4MmI5NTAtYzI3Zi00MzFjLWIzNTMtYWM2NmY5NDE2Yzk3IiwidHlwZSI6ImFjY2VzcyIsInN1YiI6IjEiLCJuYmYiOjE3NjkzMzg2MzUsImNzcmYiOiI1ZjgzODQ3NC03MWZjLTRmYjQtYWNlZC0yMzVlMmMxODcxM2YiLCJleHAiOjE3NjkzNDIyMzV9.cudKP0D3kZWpz-Dk2wjINEvAE-KfqZUGFZPb4OFhC40","default_group_id":1,"ok":true}

2026-01-25 13:57:24,271 | INFO    | __main__ | ← cmd_start() 16459.7ms
2026-01-25 13:57:24,273 | INFO    | aiogram.event | Update id=211697890 is handled. Duration 16464 ms by bot id=7320198123
2026-01-25 13:59:31,813 | INFO    | __main__ | → cmd_start()
2026-01-25 13:59:31,816 | INFO    | bot | /start from tg_id=747937058 username=baks1d
2026-01-25 13:59:42,607 | INFO    | bot | backend_start_session: status=200 body={"access_token":"eyJhbGciOiJIUzI1NiIsInR5cCI6IkpXVCJ9.eyJmcmVzaCI6ZmFsc2UsImlhdCI6MTc2OTMzODc4MiwianRpIjoiMmZjYmI0ODMtYWQ2Zi00MTE1LTg4NjYtM2MyOGIwZTk3NWQ4IiwidHlwZSI6ImFjY2VzcyIsInN1YiI6IjEiLCJuYmYiOjE3NjkzMzg3ODIsImNzcmYiOiI4NTA3MDI3NS1hY2YyLTQ0ODUtYTQ5Yy0zY2Q2MTQxODc4YmYiLCJleHAiOjE3NjkzNDIzODJ9.eKaCuEXtKTBq0h4zb8E8csFFnQ0tF13beRt-3g6PrFU","default_group_id":1,"ok":true}

2026-01-25 13:59:52,959 | ERROR   | bot | Failed to create backend session
Traceback (most recent call last):
  File "/Users/macintosh/Documents/GitHub/organization/bot/bot.py", line 126, in cmd_start
    invites = await backend_get_pending_invites(user)
  File "/Users/macintosh/Documents/GitHub/organization/bot/bot.py", line 73, in backend_get_pending_invites
    async with session.post(
  File "/Users/macintosh/Documents/GitHub/organization/.venv/lib/python3.10/site-packages/aiohttp/client.py", line 1353, in __aenter__
    self._resp = await self._coro
  File "/Users/macintosh/Documents/GitHub/organization/.venv/lib/python3.10/site-packages/aiohttp/client.py", line 684, in _request
    await resp.start(conn)
  File "/Users/macintosh/Documents/GitHub/organization/.venv/lib/python3.10/site-packages/aiohttp/client_reqrep.py", line 994, in start
    with self._timer:
  File "/Users/macintosh/Documents/GitHub/organization/.venv/lib/python3.10/site-packages/aiohttp/helpers.py", line 713, in __exit__
    raise asyncio.TimeoutError from None
asyncio.exceptions.TimeoutError
2026-01-25 13:59:53,512 | INFO    | __main__ | ← cmd_start() 21699.9ms
2026-01-25 13:59:53,513 | INFO    | aiogram.event | Update id=211697891 is handled. Duration 21703 ms by bot id=7320198123
